// Jest Snapshot v1, https://goo.gl/fbAQLP

exports[`LoginForm should match the snapshot 1`] = `
ShallowWrapper {
  Symbol(enzyme.__root__): [Circular],
  Symbol(enzyme.__unrendered__): <LoginForm
    userLogin={[Function]}
/>,
  Symbol(enzyme.__renderer__): Object {
    "batchedUpdates": [Function],
    "getNode": [Function],
    "render": [Function],
    "simulateEvent": [Function],
    "unmount": [Function],
  },
  Symbol(enzyme.__node__): Object {
    "instance": null,
    "key": undefined,
    "nodeType": "host",
    "props": Object {
      "children": Array [
        <section
          className="login-section"
>
          <img
                    alt="netflix-font"
                    border="0"
                    className="login-image"
                    src="https://fontmeme.com/permalink/180902/ac7a65b3a8454e0ff8d71d4efa88c41c.png"
          />
          <NavLink
                    activeClassName="active"
                    aria-current="page"
                    className="login-home-link"
                    to="/"
          >
                    Home
          </NavLink>
</section>,
        <form
          onSubmit={[Function]}
>
          <input
                    name="email"
                    onChange={[Function]}
                    placeholder="Email"
                    type="text"
                    value=""
          />
          <input
                    name="password"
                    onChange={[Function]}
                    placeholder="Password"
                    type="text"
                    value=""
          />
          <button
                    className="login-button"
          >
                    LOGIN
          </button>
</form>,
      ],
    },
    "ref": null,
    "rendered": Array [
      Object {
        "instance": null,
        "key": undefined,
        "nodeType": "host",
        "props": Object {
          "children": Array [
            <img
              alt="netflix-font"
              border="0"
              className="login-image"
              src="https://fontmeme.com/permalink/180902/ac7a65b3a8454e0ff8d71d4efa88c41c.png"
/>,
            <NavLink
              activeClassName="active"
              aria-current="page"
              className="login-home-link"
              to="/"
>
              Home
</NavLink>,
          ],
          "className": "login-section",
        },
        "ref": null,
        "rendered": Array [
          Object {
            "instance": null,
            "key": undefined,
            "nodeType": "host",
            "props": Object {
              "alt": "netflix-font",
              "border": "0",
              "className": "login-image",
              "src": "https://fontmeme.com/permalink/180902/ac7a65b3a8454e0ff8d71d4efa88c41c.png",
            },
            "ref": null,
            "rendered": null,
            "type": "img",
          },
          Object {
            "instance": null,
            "key": undefined,
            "nodeType": "function",
            "props": Object {
              "activeClassName": "active",
              "aria-current": "page",
              "children": "Home",
              "className": "login-home-link",
              "to": "/",
            },
            "ref": null,
            "rendered": "Home",
            "type": [Function],
          },
        ],
        "type": "section",
      },
      Object {
        "instance": null,
        "key": undefined,
        "nodeType": "host",
        "props": Object {
          "children": Array [
            <input
              name="email"
              onChange={[Function]}
              placeholder="Email"
              type="text"
              value=""
/>,
            <input
              name="password"
              onChange={[Function]}
              placeholder="Password"
              type="text"
              value=""
/>,
            <button
              className="login-button"
>
              LOGIN
</button>,
          ],
          "onSubmit": [Function],
        },
        "ref": null,
        "rendered": Array [
          Object {
            "instance": null,
            "key": undefined,
            "nodeType": "host",
            "props": Object {
              "name": "email",
              "onChange": [Function],
              "placeholder": "Email",
              "type": "text",
              "value": "",
            },
            "ref": null,
            "rendered": null,
            "type": "input",
          },
          Object {
            "instance": null,
            "key": undefined,
            "nodeType": "host",
            "props": Object {
              "name": "password",
              "onChange": [Function],
              "placeholder": "Password",
              "type": "text",
              "value": "",
            },
            "ref": null,
            "rendered": null,
            "type": "input",
          },
          Object {
            "instance": null,
            "key": undefined,
            "nodeType": "host",
            "props": Object {
              "children": "LOGIN",
              "className": "login-button",
            },
            "ref": null,
            "rendered": "LOGIN",
            "type": "button",
          },
        ],
        "type": "form",
      },
    ],
    "type": "div",
  },
  Symbol(enzyme.__nodes__): Array [
    Object {
      "instance": null,
      "key": undefined,
      "nodeType": "host",
      "props": Object {
        "children": Array [
          <section
            className="login-section"
>
            <img
                        alt="netflix-font"
                        border="0"
                        className="login-image"
                        src="https://fontmeme.com/permalink/180902/ac7a65b3a8454e0ff8d71d4efa88c41c.png"
            />
            <NavLink
                        activeClassName="active"
                        aria-current="page"
                        className="login-home-link"
                        to="/"
            >
                        Home
            </NavLink>
</section>,
          <form
            onSubmit={[Function]}
>
            <input
                        name="email"
                        onChange={[Function]}
                        placeholder="Email"
                        type="text"
                        value=""
            />
            <input
                        name="password"
                        onChange={[Function]}
                        placeholder="Password"
                        type="text"
                        value=""
            />
            <button
                        className="login-button"
            >
                        LOGIN
            </button>
</form>,
        ],
      },
      "ref": null,
      "rendered": Array [
        Object {
          "instance": null,
          "key": undefined,
          "nodeType": "host",
          "props": Object {
            "children": Array [
              <img
                alt="netflix-font"
                border="0"
                className="login-image"
                src="https://fontmeme.com/permalink/180902/ac7a65b3a8454e0ff8d71d4efa88c41c.png"
/>,

              <NavLink
                activeClassName="active"
                aria-current="page"
                className="login-home-link"
                to="/"
>
                Home
</NavLink>,
            ],
            "className": "login-section",
          },
          "ref": null,
          "rendered": Array [
            Object {
              "instance": null,
              "key": undefined,
              "nodeType": "host",
              "props": Object {
                "alt": "netflix-font",
                "border": "0",
                "className": "login-image",
                "src": "https://fontmeme.com/permalink/180902/ac7a65b3a8454e0ff8d71d4efa88c41c.png",
              },
              "ref": null,
              "rendered": null,
              "type": "img",
            },
            Object {
              "instance": null,
              "key": undefined,

              "nodeType": "function",
              "props": Object {
                "activeClassName": "active",
                "aria-current": "page",
                "children": "Home",
                "className": "login-home-link",
                "to": "/",
              },
              "ref": null,
              "rendered": "Home",
              "type": [Function],
            },
          ],
          "type": "section",
        },
        Object {
          "instance": null,
          "key": undefined,
          "nodeType": "host",
          "props": Object {
            "children": Array [
              <input
                name="email"
                onChange={[Function]}
                placeholder="Email"
                type="text"
                value=""
/>,
              <input
                name="password"
                onChange={[Function]}
                placeholder="Password"
                type="text"
                value=""
/>,
              <button
                className="login-button"
>
                LOGIN
</button>,
            ],
            "onSubmit": [Function],
          },
          "ref": null,
          "rendered": Array [
            Object {
              "instance": null,
              "key": undefined,
              "nodeType": "host",
              "props": Object {
                "name": "email",
                "onChange": [Function],
                "placeholder": "Email",
                "type": "text",
                "value": "",
              },
              "ref": null,
              "rendered": null,
              "type": "input",
            },
            Object {
              "instance": null,
              "key": undefined,
              "nodeType": "host",
              "props": Object {
                "name": "password",
                "onChange": [Function],
                "placeholder": "Password",
                "type": "text",
                "value": "",
              },
              "ref": null,
              "rendered": null,
              "type": "input",
            },
            Object {
              "instance": null,
              "key": undefined,
              "nodeType": "host",
              "props": Object {
                "children": "LOGIN",
                "className": "login-button",
              },
              "ref": null,
              "rendered": "LOGIN",
              "type": "button",
            },
          ],
          "type": "form",
        },
      ],
      "type": "div",
    },
  ],
  Symbol(enzyme.__options__): Object {
    "adapter": ReactSixteenAdapter {
      "options": Object {
        "enableComponentDidUpdateOnSetState": true,
        "lifecycles": Object {
          "componentDidUpdate": Object {
            "onSetState": true,
          },
          "getDerivedStateFromProps": true,
          "getSnapshotBeforeUpdate": true,
          "setState": Object {
            "skipsComponentDidUpdateOnNullish": true,
          },
        },
      },
    },
    "attachTo": undefined,
    "hydrateIn": undefined,
  },
}
`;
